###############################################################################
#
# IAR ELF Linker V8.11.2.13589/W32 for ARM                06/Dec/2017  15:25:41
# Copyright 2007-2017 IAR Systems AB.
#
#    Output file  =  
#        D:\development\st\stm32\src_code\pid\pid\EWARM\pid\Exe\pid.out
#    Map file     =  
#        D:\development\st\stm32\src_code\pid\pid\EWARM\pid\List\pid.map
#    Command line =  
#        -f C:\Users\wkxbo\AppData\Local\Temp\EWEFC7.tmp
#        (D:\development\st\stm32\src_code\pid\pid\EWARM\pid\Obj\app_error.o
#        D:\development\st\stm32\src_code\pid\pid\EWARM\pid\Obj\app_log.o
#        D:\development\st\stm32\src_code\pid\pid\EWARM\pid\Obj\app_log_port.o
#        D:\development\st\stm32\src_code\pid\pid\EWARM\pid\Obj\cmsis_os.o
#        D:\development\st\stm32\src_code\pid\pid\EWARM\pid\Obj\croutine.o
#        D:\development\st\stm32\src_code\pid\pid\EWARM\pid\Obj\event_groups.o
#        D:\development\st\stm32\src_code\pid\pid\EWARM\pid\Obj\freertos.o
#        D:\development\st\stm32\src_code\pid\pid\EWARM\pid\Obj\gpio.o
#        D:\development\st\stm32\src_code\pid\pid\EWARM\pid\Obj\heap_4.o
#        D:\development\st\stm32\src_code\pid\pid\EWARM\pid\Obj\list.o
#        D:\development\st\stm32\src_code\pid\pid\EWARM\pid\Obj\main.o
#        D:\development\st\stm32\src_code\pid\pid\EWARM\pid\Obj\pid.o
#        D:\development\st\stm32\src_code\pid\pid\EWARM\pid\Obj\port.o
#        D:\development\st\stm32\src_code\pid\pid\EWARM\pid\Obj\portasm.o
#        D:\development\st\stm32\src_code\pid\pid\EWARM\pid\Obj\queue.o
#        D:\development\st\stm32\src_code\pid\pid\EWARM\pid\Obj\SEGGER_RTT.o
#        D:\development\st\stm32\src_code\pid\pid\EWARM\pid\Obj\SEGGER_RTT_printf.o
#        D:\development\st\stm32\src_code\pid\pid\EWARM\pid\Obj\SEGGER_RTT_Syscalls_IAR.o
#        D:\development\st\stm32\src_code\pid\pid\EWARM\pid\Obj\startup_stm32f103xb.o
#        D:\development\st\stm32\src_code\pid\pid\EWARM\pid\Obj\stm32f1xx_hal.o
#        D:\development\st\stm32\src_code\pid\pid\EWARM\pid\Obj\stm32f1xx_hal_cortex.o
#        D:\development\st\stm32\src_code\pid\pid\EWARM\pid\Obj\stm32f1xx_hal_dma.o
#        D:\development\st\stm32\src_code\pid\pid\EWARM\pid\Obj\stm32f1xx_hal_flash.o
#        D:\development\st\stm32\src_code\pid\pid\EWARM\pid\Obj\stm32f1xx_hal_flash_ex.o
#        D:\development\st\stm32\src_code\pid\pid\EWARM\pid\Obj\stm32f1xx_hal_gpio.o
#        D:\development\st\stm32\src_code\pid\pid\EWARM\pid\Obj\stm32f1xx_hal_gpio_ex.o
#        D:\development\st\stm32\src_code\pid\pid\EWARM\pid\Obj\stm32f1xx_hal_msp.o
#        D:\development\st\stm32\src_code\pid\pid\EWARM\pid\Obj\stm32f1xx_hal_pwr.o
#        D:\development\st\stm32\src_code\pid\pid\EWARM\pid\Obj\stm32f1xx_hal_rcc.o
#        D:\development\st\stm32\src_code\pid\pid\EWARM\pid\Obj\stm32f1xx_hal_rcc_ex.o
#        D:\development\st\stm32\src_code\pid\pid\EWARM\pid\Obj\stm32f1xx_hal_tim.o
#        D:\development\st\stm32\src_code\pid\pid\EWARM\pid\Obj\stm32f1xx_hal_tim_ex.o
#        D:\development\st\stm32\src_code\pid\pid\EWARM\pid\Obj\stm32f1xx_it.o
#        D:\development\st\stm32\src_code\pid\pid\EWARM\pid\Obj\system_stm32f1xx.o
#        D:\development\st\stm32\src_code\pid\pid\EWARM\pid\Obj\tasks.o
#        D:\development\st\stm32\src_code\pid\pid\EWARM\pid\Obj\tim.o
#        D:\development\st\stm32\src_code\pid\pid\EWARM\pid\Obj\timers.o
#        --redirect _Printf=_PrintfFull --redirect _Scanf=_ScanfFull -o
#        D:\development\st\stm32\src_code\pid\pid\EWARM\pid\Exe\pid.out --map
#        D:\development\st\stm32\src_code\pid\pid\EWARM\pid\List\pid.map
#        --config
#        D:\development\st\stm32\src_code\pid\pid\EWARM/stm32f103xb_flash.icf
#        --semihosting --entry __iar_program_start --vfe --text_out locale)
#
###############################################################################

*******************************************************************************
*** RUNTIME MODEL ATTRIBUTES
***

CppFlavor       = *
__SystemLibrary = DLib
__dlib_version  = 6


*******************************************************************************
*** HEAP SELECTION
***

The basic heap was selected because no calls to memory allocation
functions were found in the application outside of system library
functions, and there are calls to deallocation functions in the
application.


*******************************************************************************
*** PLACEMENT SUMMARY
***

"A0":  place at 0x08000000 { ro section .intvec };
"P1":  place in [from 0x08000000 to 0x0801ffff] { ro };
define block CSTACK with size = 1K, alignment = 8 { };
define block HEAP with size = 0M, alignment = 8 { };
"P2":  place in [from 0x20000000 to 0x20004fff] {
          rw, block CSTACK, block HEAP };
initialize by copy { rw };

  Section            Kind        Address    Size  Object
  -------            ----        -------    ----  ------
"A0":                                       0xec
  .intvec            ro code  0x08000000    0xec  startup_stm32f103xb.o [1]
                            - 0x080000ec    0xec

"P1":                                     0x2ad3
  .text              ro code  0x080000ec   0x560  freertos.o [1]
  .text              ro code  0x0800064c    0xa6  ABImemcpy.o [4]
  .text              ro code  0x080006f4    0x8a  cmsis_os.o [1]
  .text              ro code  0x08000780   0x520  stm32f1xx_hal_tim.o [1]
  .text              ro code  0x08000ca0   0x136  pid.o [1]
  .text              ro code  0x08000dd8   0x250  SEGGER_RTT.o [1]
  .text              ro code  0x08001028     0x4  app_log_port.o [1]
  .text              ro code  0x0800102c   0x374  SEGGER_RTT_printf.o [1]
  .text              ro code  0x080013a0   0x550  tasks.o [1]
  .text              ro code  0x080018f0   0x1a4  port.o [1]
  .text              ro code  0x08001a94   0x1e0  tim.o [1]
  .text              ro code  0x08001c74     0x2  stm32f1xx_hal_tim.o [1]
  .text              ro code  0x08001c76     0x2  stm32f1xx_hal_tim.o [1]
  .text              ro code  0x08001c78     0x2  stm32f1xx_hal_tim.o [1]
  .text              ro code  0x08001c7a     0x2  stm32f1xx_hal_tim_ex.o [1]
  .text              ro code  0x08001c7c     0x2  stm32f1xx_hal_tim.o [1]
  .text              ro code  0x08001c7e     0x2  stm32f1xx_hal_tim_ex.o [1]
  .text              ro code  0x08001c80     0x2  stm32f1xx_hal_tim.o [1]
  .text              ro code  0x08001c82    0x1a  pid.o [1]
  .text              ro code  0x08001c9c     0x6  ABImemclr4.o [4]
  .text              ro code  0x08001ca4   0x1b4  heap_4.o [1]
  .text              ro code  0x08001e58    0x8e  list.o [1]
  CODE               ro code  0x08001ee8    0x88  portasm.o [1]
  .text              ro code  0x08001f70    0xa4  stm32f1xx_hal_tim_ex.o [1]
  .text              ro code  0x08002014    0x92  main.o [1]
  .text              ro code  0x080020a8   0x1b4  stm32f1xx_hal_gpio.o [1]
  .text              ro code  0x0800225c    0xe0  stm32f1xx_hal_cortex.o [1]
  .text              ro code  0x0800233c    0x32  ABImemset48.o [4]
  .text              ro code  0x08002370    0x24  stm32f1xx_hal.o [1]
  .text              ro code  0x08002394    0x30  gpio.o [1]
  .text              ro code  0x080023c4   0x4b6  stm32f1xx_hal_rcc.o [1]
  .text              ro code  0x0800287c    0x28  stm32f1xx_hal.o [1]
  .text              ro code  0x080028a4    0x8c  stm32f1xx_hal_msp.o [1]
  .text              ro code  0x08002930     0xc  stm32f1xx_hal.o [1]
  .text              ro code  0x0800293c    0x5c  system_stm32f1xx.o [1]
  .text              ro code  0x08002998    0x40  zero_init3.o [4]
  .text              ro code  0x080029d8    0x38  packbits_init_single.o [4]
  .text              ro code  0x08002a10    0x28  data_init.o [4]
  .text              ro code  0x08002a38    0x24  stm32f1xx_it.o [1]
  .text              ro code  0x08002a5c    0x10  stm32f1xx_hal.o [1]
  .iar.init_table    const    0x08002a6c    0x20  - Linker created -
  .text              ro code  0x08002a8c    0x1a  cmain.o [4]
  .text              ro code  0x08002aa6     0x4  low_level_init.o [3]
  .text              ro code  0x08002aaa     0x4  exit.o [3]
  .text              ro code  0x08002ab0     0xa  cexit.o [4]
  .text              ro code  0x08002abc    0x14  exit.o [5]
  .text              ro code  0x08002ad0    0x10  startup_stm32f103xb.o [1]
  .rodata            const    0x08002ae0     0xc  freertos.o [1]
  .text              ro code  0x08002aec     0xc  cstartup_M.o [4]
  .text              ro code  0x08002af8     0x4  startup_stm32f103xb.o [1]
  .text              ro code  0x08002afc     0x4  startup_stm32f103xb.o [1]
  .text              ro code  0x08002b00     0x4  startup_stm32f103xb.o [1]
  .text              ro code  0x08002b04     0x4  startup_stm32f103xb.o [1]
  .text              ro code  0x08002b08     0x4  startup_stm32f103xb.o [1]
  .text              ro code  0x08002b0c     0x4  startup_stm32f103xb.o [1]
  .text              ro code  0x08002b10     0x4  startup_stm32f103xb.o [1]
  .text              ro code  0x08002b14     0x4  startup_stm32f103xb.o [1]
  .text              ro code  0x08002b18     0x4  startup_stm32f103xb.o [1]
  .text              ro code  0x08002b1c     0x4  startup_stm32f103xb.o [1]
  .text              ro code  0x08002b20     0x4  startup_stm32f103xb.o [1]
  .text              ro code  0x08002b24     0x4  startup_stm32f103xb.o [1]
  .text              ro code  0x08002b28     0x4  startup_stm32f103xb.o [1]
  .text              ro code  0x08002b2c     0x4  startup_stm32f103xb.o [1]
  .text              ro code  0x08002b30     0x4  startup_stm32f103xb.o [1]
  .text              ro code  0x08002b34     0x4  startup_stm32f103xb.o [1]
  .text              ro code  0x08002b38     0x4  startup_stm32f103xb.o [1]
  .text              ro code  0x08002b3c     0x4  startup_stm32f103xb.o [1]
  .text              ro code  0x08002b40     0x4  startup_stm32f103xb.o [1]
  .text              ro code  0x08002b44     0x4  startup_stm32f103xb.o [1]
  .text              ro code  0x08002b48     0x4  startup_stm32f103xb.o [1]
  .text              ro code  0x08002b4c     0x4  startup_stm32f103xb.o [1]
  .text              ro code  0x08002b50     0x4  startup_stm32f103xb.o [1]
  .text              ro code  0x08002b54     0x4  startup_stm32f103xb.o [1]
  .text              ro code  0x08002b58     0x4  startup_stm32f103xb.o [1]
  .text              ro code  0x08002b5c     0x4  startup_stm32f103xb.o [1]
  .text              ro code  0x08002b60     0x4  startup_stm32f103xb.o [1]
  .text              ro code  0x08002b64     0x4  startup_stm32f103xb.o [1]
  .text              ro code  0x08002b68     0x4  startup_stm32f103xb.o [1]
  .text              ro code  0x08002b6c     0x4  startup_stm32f103xb.o [1]
  .text              ro code  0x08002b70     0x4  startup_stm32f103xb.o [1]
  .text              ro code  0x08002b74     0x4  startup_stm32f103xb.o [1]
  .text              ro code  0x08002b78     0x4  startup_stm32f103xb.o [1]
  .text              ro code  0x08002b7c     0x4  startup_stm32f103xb.o [1]
  .text              ro code  0x08002b80     0x4  startup_stm32f103xb.o [1]
  .text              ro code  0x08002b84     0x4  startup_stm32f103xb.o [1]
  .text              ro code  0x08002b88     0x4  startup_stm32f103xb.o [1]
  .text              ro code  0x08002b8c     0x4  startup_stm32f103xb.o [1]
  .text              ro code  0x08002b90     0x4  startup_stm32f103xb.o [1]
  .text              ro code  0x08002b94     0x4  startup_stm32f103xb.o [1]
  .text              ro code  0x08002b98     0x4  startup_stm32f103xb.o [1]
  .text              ro code  0x08002b9c     0x4  startup_stm32f103xb.o [1]
  .rodata            const    0x08002ba0     0x0  zero_init3.o [4]
  .rodata            const    0x08002ba0     0x0  packbits_init_single.o [4]
  Initializer bytes  const    0x08002ba0    0x1f  <for P2-1>
                            - 0x08002bbf  0x2ad3

"P2", part 1 of 3:                          0x88
  P2-1                        0x20000000    0x88  <Init block>
    .data            inited   0x20000000    0x78  freertos.o [1]
    .data            inited   0x20000078     0xc  port.o [1]
    .data            inited   0x20000084     0x4  system_stm32f1xx.o [1]
                            - 0x20000088    0x88

"P2", part 2 of 3:                        0x3a88
  .bss               zero     0x20000088  0x2818  heap_4.o [1]
  .bss               zero     0x200028a0  0x10b8  SEGGER_RTT.o [1]
  .bss               zero     0x20003958    0xa0  tasks.o [1]
  .bss               zero     0x200039f8    0x8c  tasks.o [1]
  .bss               zero     0x20003a84    0x40  tim.o [1]
  .bss               zero     0x20003ac4    0x40  tim.o [1]
  .bss               zero     0x20003b04     0x4  freertos.o [1]
  .bss               zero     0x20003b08     0x4  pid.o [1]
  .bss               zero     0x20003b0c     0x4  stm32f1xx_hal.o [1]
                            - 0x20003b10  0x3a88

"P2", part 3 of 3:                         0x400
  CSTACK                      0x20003b10   0x400  <Block>
    CSTACK           uninit   0x20003b10   0x400  <Block tail>
                            - 0x20003f10   0x400


*******************************************************************************
*** INIT TABLE
***

          Address     Size
          -------     ----
Zero (__iar_zero_init3)
    1 destination range, total size 0x3a88:
          0x20000088  0x3a88

Copy/packbits (__iar_packbits_init_single3)
    1 source range, total size 0x1f (22% of destination):
          0x08002ba0    0x1f
    1 destination range, total size 0x88:
          0x20000000    0x88



*******************************************************************************
*** MODULE SUMMARY
***

    Module                  ro code  ro data  rw data
    ------                  -------  -------  -------
D:\development\st\stm32\src_code\pid\pid\EWARM\pid\Obj: [1]
    SEGGER_RTT.o                592             4 280
    SEGGER_RTT_printf.o         884
    app_log_port.o                4
    cmsis_os.o                  138
    freertos.o                1 376       39      124
    gpio.o                       48
    heap_4.o                    436            10 264
    list.o                      142
    main.o                      146
    pid.o                       336                 4
    port.o                      420        3       12
    portasm.o                   136
    startup_stm32f103xb.o       420
    stm32f1xx_hal.o             104                 4
    stm32f1xx_hal_cortex.o      224
    stm32f1xx_hal_gpio.o        436
    stm32f1xx_hal_msp.o         140
    stm32f1xx_hal_rcc.o       1 206
    stm32f1xx_hal_tim.o       1 322
    stm32f1xx_hal_tim_ex.o      168
    stm32f1xx_it.o               36
    system_stm32f1xx.o           92        1        4
    tasks.o                   1 360               300
    tim.o                       480               128
    -------------------------------------------------
    Total:                   10 646       43   15 120

command line: [2]
    -------------------------------------------------
    Total:

dl7M_tlf.a: [3]
    exit.o                        4
    low_level_init.o              4
    -------------------------------------------------
    Total:                        8

rt7M_tl.a: [4]
    ABImemclr4.o                  6
    ABImemcpy.o                 166
    ABImemset48.o                50
    cexit.o                      10
    cmain.o                      26
    cstartup_M.o                 12
    data_init.o                  40
    packbits_init_single.o       56
    zero_init3.o                 64
    -------------------------------------------------
    Total:                      430

shb_l.a: [5]
    exit.o                       20
    -------------------------------------------------
    Total:                       20

    Gaps                         20
    Linker created                        32    1 024
-----------------------------------------------------
    Grand Total:             11 124       75   16 144


*******************************************************************************
*** ENTRY LIST
***

Entry                      Address    Size  Type      Object
-----                      -------    ----  ----      ------
.iar.init_table$$Base   0x08002a6c           --   Gb  - Linker created -
.iar.init_table$$Limit  0x08002a8c           --   Gb  - Linker created -
?main                   0x08002a8d          Code  Gb  cmain.o [4]
AHBPrescTable           0x08002988    0x10  Data  Gb  system_stm32f1xx.o [1]
APP_TIMESTAMP           0x08001029     0x4  Code  Gb  app_log_port.o [1]
BusFault_Handler        0x08002a3f     0x2  Code  Gb  stm32f1xx_it.o [1]
CSTACK$$Base            0x20003b10           --   Gb  - Linker created -
CSTACK$$Limit           0x20003f10           --   Gb  - Linker created -
DebugMon_Handler        0x08002a43     0x2  Code  Gb  stm32f1xx_it.o [1]
HAL_GPIO_Init           0x080020a9   0x17e  Code  Gb  stm32f1xx_hal_gpio.o [1]
HAL_GetTick             0x08002931     0xc  Code  Wk  stm32f1xx_hal.o [1]
HAL_IncTick             0x08002a5d    0x10  Code  Wk  stm32f1xx_hal.o [1]
HAL_Init                0x08002371    0x20  Code  Gb  stm32f1xx_hal.o [1]
HAL_InitTick            0x0800287d    0x28  Code  Wk  stm32f1xx_hal.o [1]
HAL_MspInit             0x080028a5    0x8c  Code  Gb  stm32f1xx_hal_msp.o [1]
HAL_NVIC_EnableIRQ      0x080022cf     0xa  Code  Gb  stm32f1xx_hal_cortex.o [1]
HAL_NVIC_SetPriority    0x08002295    0x3a  Code  Gb  stm32f1xx_hal_cortex.o [1]
HAL_NVIC_SetPriorityGrouping
                        0x0800227b    0x1a  Code  Gb  stm32f1xx_hal_cortex.o [1]
HAL_RCC_ClockConfig     0x080026d9   0x108  Code  Gb  stm32f1xx_hal_rcc.o [1]
HAL_RCC_GetHCLKFreq     0x08002839     0x6  Code  Gb  stm32f1xx_hal_rcc.o [1]
HAL_RCC_GetSysClockFreq
                        0x080027ff    0x3a  Code  Gb  stm32f1xx_hal_rcc.o [1]
HAL_RCC_GetSysClockFreq::aPLLMULFactorTable
                        0x08002868    0x10  Data  Lc  stm32f1xx_hal_rcc.o [1]
HAL_RCC_GetSysClockFreq::aPredivFactorTable
                        0x08002878     0x2  Data  Lc  stm32f1xx_hal_rcc.o [1]
HAL_RCC_OscConfig       0x080023c5   0x30c  Code  Gb  stm32f1xx_hal_rcc.o [1]
HAL_SYSTICK_CLKSourceConfig
                        0x0800230b    0x1a  Code  Gb  stm32f1xx_hal_cortex.o [1]
HAL_SYSTICK_Config      0x080022e3    0x28  Code  Gb  stm32f1xx_hal_cortex.o [1]
HAL_TIMEx_BreakCallback
                        0x08001c7b     0x2  Code  Wk  stm32f1xx_hal_tim_ex.o [1]
HAL_TIMEx_CommutationCallback
                        0x08001c7f     0x2  Code  Wk  stm32f1xx_hal_tim_ex.o [1]
HAL_TIMEx_ConfigBreakDeadTime
                        0x08001f71    0x5a  Code  Gb  stm32f1xx_hal_tim_ex.o [1]
HAL_TIMEx_MasterConfigSynchronization
                        0x08001fcb    0x4a  Code  Gb  stm32f1xx_hal_tim_ex.o [1]
HAL_TIM_Encoder_Init    0x080007f3    0x88  Code  Gb  stm32f1xx_hal_tim.o [1]
HAL_TIM_Encoder_MspInit
                        0x08001bbb    0x48  Code  Gb  tim.o [1]
HAL_TIM_Encoder_Start   0x08000885    0x24  Code  Gb  stm32f1xx_hal_tim.o [1]
HAL_TIM_IRQHandler      0x080008b3   0x142  Code  Gb  stm32f1xx_hal_tim.o [1]
HAL_TIM_MspPostInit     0x08001c03    0x26  Code  Gb  tim.o [1]
HAL_TIM_PWM_ConfigChannel
                        0x080009fb    0xc0  Code  Gb  stm32f1xx_hal_tim.o [1]
HAL_TIM_PWM_Init        0x08000795    0x1a  Code  Gb  stm32f1xx_hal_tim.o [1]
HAL_TIM_PWM_MspInit     0x08001b99    0x22  Code  Gb  tim.o [1]
HAL_TIM_PWM_Start       0x080007af     0x2  Code  Gb  stm32f1xx_hal_tim.o [1]
HardFault_Handler       0x08002a3b     0x2  Code  Gb  stm32f1xx_it.o [1]
MX_FREERTOS_Init        0x080000ed    0x20  Code  Gb  freertos.o [1]
MX_GPIO_Init            0x08002395    0x30  Code  Gb  gpio.o [1]
MX_TIM1_Init            0x08001a95    0x90  Code  Gb  tim.o [1]
MX_TIM2_Init            0x08001b25    0x60  Code  Gb  tim.o [1]
MemManage_Handler       0x08002a3d     0x2  Code  Gb  stm32f1xx_it.o [1]
NMI_Handler             0x08002a39     0x2  Code  Gb  stm32f1xx_it.o [1]
NVIC_SetPriority        0x0800225d    0x1e  Code  Lc  stm32f1xx_hal_cortex.o [1]
PendSV_Handler          0x08001ee9          Code  Gb  portasm.o [1]
Region$$Table$$Base     0x08002a6c           --   Gb  - Linker created -
Region$$Table$$Limit    0x08002a8c           --   Gb  - Linker created -
SEGGER_RTT_GetKey       0x08000fe9    0x1c  Code  Gb  SEGGER_RTT.o [1]
SEGGER_RTT_Read         0x08000f49    0x16  Code  Gb  SEGGER_RTT.o [1]
SEGGER_RTT_ReadNoLock   0x08000ed5    0x74  Code  Gb  SEGGER_RTT.o [1]
SEGGER_RTT_Write        0x08000fb7    0x2c  Code  Gb  SEGGER_RTT.o [1]
SEGGER_RTT_WriteNoLock  0x08000f5f    0x58  Code  Gb  SEGGER_RTT.o [1]
SEGGER_RTT_printf       0x0800137d    0x14  Code  Gb  SEGGER_RTT_printf.o [1]
SEGGER_RTT_vprintf      0x080011fd   0x16e  Code  Gb  SEGGER_RTT_printf.o [1]
SVC_Handler             0x08001f2f          Code  Gb  portasm.o [1]
StartDefaultTask        0x0800010d   0x1a6  Code  Gb  freertos.o [1]
SysTick_Handler         0x08002a45     0xe  Code  Gb  stm32f1xx_it.o [1]
SystemClock_Config      0x08002035    0x70  Code  Gb  main.o [1]
SystemCoreClock         0x20000084     0x4  Data  Gb  system_stm32f1xx.o [1]
SystemInit              0x0800293d    0x3a  Code  Gb  system_stm32f1xx.o [1]
TIM2_IRQHandler         0x08002a53     0x6  Code  Gb  stm32f1xx_it.o [1]
TIM_Base_SetConfig      0x08000aed    0x5e  Code  Gb  stm32f1xx_hal_tim.o [1]
TIM_CCxChannelCmd       0x08000c89    0x12  Code  Gb  stm32f1xx_hal_tim.o [1]
TIM_OC1_SetConfig       0x08000b4b    0x44  Code  Lc  stm32f1xx_hal_tim.o [1]
TIM_OC2_SetConfig       0x08000b8f    0x52  Code  Gb  stm32f1xx_hal_tim.o [1]
TIM_OC3_SetConfig       0x08000be1    0x4a  Code  Lc  stm32f1xx_hal_tim.o [1]
TIM_OC4_SetConfig       0x08000c37    0x40  Code  Lc  stm32f1xx_hal_tim.o [1]
UsageFault_Handler      0x08002a41     0x2  Code  Gb  stm32f1xx_it.o [1]
_DoInit                 0x08000dd9    0x54  Code  Lc  SEGGER_RTT.o [1]
_Error_Handler          0x080020a5     0x2  Code  Gb  main.o [1]
_GetAvailWriteSpace     0x08000ebb    0x1a  Code  Lc  SEGGER_RTT.o [1]
_PrintInt               0x08001135    0xc8  Code  Lc  SEGGER_RTT_printf.o [1]
_PrintUnsigned          0x0800106b    0xca  Code  Lc  SEGGER_RTT_printf.o [1]
_PrintUnsigned::_aV2C   0x08001390    0x10  Data  Lc  SEGGER_RTT_printf.o [1]
_SEGGER_RTT             0x200028a0    0xa8  Data  Gb  SEGGER_RTT.o [1]
_StoreChar              0x0800102d    0x3e  Code  Lc  SEGGER_RTT_printf.o [1]
_WriteBlocking          0x08000e2d    0x54  Code  Lc  SEGGER_RTT.o [1]
_WriteNoCheck           0x08000e81    0x3a  Code  Lc  SEGGER_RTT.o [1]
__aeabi_memclr4         0x08001c9d          Code  Gb  ABImemclr4.o [4]
__aeabi_memcpy          0x0800064d          Code  Gb  ABImemcpy.o [4]
__aeabi_memcpy4         0x0800066d          Code  Gb  ABImemcpy.o [4]
__aeabi_memcpy8         0x0800066d          Code  Gb  ABImemcpy.o [4]
__cmain                 0x08002a8d          Code  Gb  cmain.o [4]
__exit                  0x08002abd    0x14  Code  Gb  exit.o [5]
__iar_Memset4_word      0x0800233d          Code  Gb  ABImemset48.o [4]
__iar_Memset8_word      0x0800233d          Code  Gb  ABImemset48.o [4]
__iar_data_init3        0x08002a11    0x28  Code  Gb  data_init.o [4]
__iar_packbits_init_single3
                        0x080029d9    0x38  Code  Gb  packbits_init_single.o [4]
__iar_program_start     0x08002aed          Code  Gb  cstartup_M.o [4]
__iar_systems$$module {Abs}
                        0x00000001          Data  Gb  command line/config [2]
__iar_zero_init3        0x08002999    0x40  Code  Gb  zero_init3.o [4]
__low_level_init        0x08002aa7     0x4  Code  Gb  low_level_init.o [3]
__vector_table          0x08000000          Data  Gb  startup_stm32f103xb.o [1]
_acDownBuffer           0x20003948    0x10  Data  Lc  SEGGER_RTT.o [1]
_acUpBuffer             0x20002948  0x1000  Data  Lc  SEGGER_RTT.o [1]
_call_main              0x08002a99          Code  Gb  cmain.o [4]
_exit                   0x08002ab1          Code  Gb  cexit.o [4]
_main                   0x08002aa3          Code  Gb  cmain.o [4]
cat                     0x20000000    0x58  Data  Gb  freertos.o [1]
defaultTaskHandle       0x20003b04     0x4  Data  Gb  freertos.o [1]
exit                    0x08002aab     0x4  Code  Gb  exit.o [3]
htim1                   0x20003a84    0x40  Data  Gb  tim.o [1]
htim2                   0x20003ac4    0x40  Data  Gb  tim.o [1]
inHandlerMode           0x08000701     0xc  Code  Lc  cmsis_os.o [1]
main                    0x08002015    0x20  Code  Gb  main.o [1]
makeFreeRtosPriority    0x080006f5     0xc  Code  Lc  cmsis_os.o [1]
osDelay                 0x0800075d     0xe  Code  Gb  cmsis_os.o [1]
osKernelStart           0x0800070d     0xa  Code  Gb  cmsis_os.o [1]
osKernelSysTick         0x08000717    0x18  Code  Gb  cmsis_os.o [1]
osSystickHandler        0x0800076b    0x14  Code  Gb  cmsis_os.o [1]
osThreadCreate          0x0800072f    0x2e  Code  Gb  cmsis_os.o [1]
pid_eeprom              0x20000058    0x20  Data  Gb  freertos.o [1]
pid_init                0x08000d95    0x42  Code  Gb  pid.o [1]
pid_reset_flag          0x20003b08     0x4  Data  Lc  pid.o [1]
pid_set_PWM             0x08001c83    0x1a  Code  Gb  pid.o [1]
pid_update              0x08000ca1    0xec  Code  Gb  pid.o [1]
prvAddCurrentTaskToDelayedList
                        0x08001875    0x64  Code  Lc  tasks.o [1]
prvAddNewTaskToReadyList
                        0x08001471    0xa6  Code  Lc  tasks.o [1]
prvDeleteTCB            0x080017df    0x14  Code  Lc  tasks.o [1]
prvIdleTask             0x08001781    0x5e  Code  Lc  tasks.o [1]
prvInitialiseNewTask    0x080013f9    0x78  Code  Lc  tasks.o [1]
prvInsertBlockIntoFreeList
                        0x08001e0b    0x46  Code  Lc  heap_4.o [1]
prvResetNextTaskUnblockTime
                        0x080017f3    0x1c  Code  Lc  tasks.o [1]
prvTaskExitError        0x08001911    0x28  Code  Lc  port.o [1]
pvPortMalloc            0x08001ca5   0x104  Code  Gb  heap_4.o [1]
pxCurrentTCB            0x20003980     0x4  Data  Gb  tasks.o [1]
pxDelayedTaskList       0x20003984     0x4  Data  Lc  tasks.o [1]
pxEnd                   0x20000090     0x4  Data  Lc  heap_4.o [1]
pxOverflowDelayedTaskList
                        0x20003988     0x4  Data  Lc  tasks.o [1]
pxPortInitialiseStack   0x080018f1    0x20  Code  Gb  port.o [1]
pxReadyTasksLists       0x200039f8    0x8c  Data  Lc  tasks.o [1]
ucHeap                  0x200000a0  0x2800  Data  Lc  heap_4.o [1]
ucMaxSysCallPriority    0x20000078     0x1  Data  Lc  port.o [1]
ulMaxPRIGROUPValue      0x20000080     0x4  Data  Lc  port.o [1]
uwTick                  0x20003b0c     0x4  Data  Gb  stm32f1xx_hal.o [1]
uxCriticalNesting       0x2000007c     0x4  Data  Lc  port.o [1]
uxCurrentNumberOfTasks  0x200039a4     0x4  Data  Lc  tasks.o [1]
uxDeletedTasksWaitingCleanUp
                        0x2000398c     0x4  Data  Lc  tasks.o [1]
uxListRemove            0x08001ec3    0x24  Code  Gb  list.o [1]
uxPendedTicks           0x200039b4     0x4  Data  Lc  tasks.o [1]
uxSchedulerSuspended    0x200039c8     0x4  Data  Lc  tasks.o [1]
uxTaskNumber            0x200039c0     0x4  Data  Lc  tasks.o [1]
uxTopReadyPriority      0x200039ac     0x4  Data  Lc  tasks.o [1]
vListInitialise         0x08001e59    0x1a  Code  Gb  list.o [1]
vListInitialiseItem     0x08001e73     0x6  Code  Gb  list.o [1]
vListInsert             0x08001e91    0x32  Code  Gb  list.o [1]
vListInsertEnd          0x08001e79    0x18  Code  Gb  list.o [1]
vPortEnterCritical      0x0800199d    0x32  Code  Gb  port.o [1]
vPortExitCritical       0x080019cf    0x22  Code  Gb  port.o [1]
vPortFree               0x08001db7    0x46  Code  Gb  heap_4.o [1]
vPortStartFirstTask     0x08001f4f          Code  Gb  portasm.o [1]
vPortValidateInterruptPriority
                        0x08001a19    0x42  Code  Gb  port.o [1]
vTaskDelay              0x08001517    0x2a  Code  Gb  tasks.o [1]
vTaskStartScheduler     0x08001547    0x56  Code  Gb  tasks.o [1]
vTaskSuspendAll         0x0800159d     0xc  Code  Gb  tasks.o [1]
vTaskSwitchContext      0x08001725    0x56  Code  Gb  tasks.o [1]
xBlockAllocatedBit      0x2000009c     0x4  Data  Lc  heap_4.o [1]
xDelayedTaskList1       0x200039cc    0x14  Data  Lc  tasks.o [1]
xDelayedTaskList2       0x200039e0    0x14  Data  Lc  tasks.o [1]
xFreeBytesRemaining     0x20000094     0x4  Data  Lc  heap_4.o [1]
xIdleTaskHandle         0x200039f4     0x4  Data  Lc  tasks.o [1]
xMinimumEverFreeBytesRemaining
                        0x20000098     0x4  Data  Lc  heap_4.o [1]
xNextTaskUnblockTime    0x200039c4     0x4  Data  Lc  tasks.o [1]
xNumOfOverflows         0x200039bc     0x4  Data  Lc  tasks.o [1]
xPendingReadyList       0x20003958    0x14  Data  Lc  tasks.o [1]
xPortStartScheduler     0x08001939    0x64  Code  Gb  port.o [1]
xPortSysTickHandler     0x080019f1    0x26  Code  Gb  port.o [1]
xSchedulerRunning       0x200039b0     0x4  Data  Lc  tasks.o [1]
xStart                  0x20000088     0x8  Data  Lc  heap_4.o [1]
xSuspendedTaskList      0x20003990    0x14  Data  Lc  tasks.o [1]
xTaskCreate             0x080013a1    0x58  Code  Gb  tasks.o [1]
xTaskGetSchedulerState  0x0800180f    0x18  Code  Gb  tasks.o [1]
xTaskGetTickCount       0x0800164d     0x8  Code  Gb  tasks.o [1]
xTaskGetTickCountFromISR
                        0x08001655     0xe  Code  Gb  tasks.o [1]
xTaskIncrementTick      0x08001663    0xc2  Code  Gb  tasks.o [1]
xTaskResumeAll          0x080015a9    0x9c  Code  Gb  tasks.o [1]
xTasksWaitingTermination
                        0x2000396c    0x14  Data  Lc  tasks.o [1]
xTickCount              0x200039a8     0x4  Data  Lc  tasks.o [1]
xYieldPending           0x200039b8     0x4  Data  Lc  tasks.o [1]


[1] = D:\development\st\stm32\src_code\pid\pid\EWARM\pid\Obj
[2] = command line
[3] = dl7M_tlf.a
[4] = rt7M_tl.a
[5] = shb_l.a

  11 124 bytes of readonly  code memory
      75 bytes of readonly  data memory
  16 144 bytes of readwrite data memory

Errors: none
Warnings: none
